<html>
<body>
<pre>
<h1>µVision Build Log</h1>
<h2>Project:</h2>
E:\v25he1b5\MINI_PROJECT\MINI_PROJECT.uvproj
Project File Date:  11/03/2025

<h2>Output:</h2>
Build target 'MINIPROJECT'
compiling main.c...
compiling pin_connect_block.c...
assembling Startup.s...
compiling lcd.c...
compiling delay.c...
compiling keymatrix.c...
compiling led.c...
compiling rtc.c...
compiling eint.c...
linking...
Program Size: Code=9804 RO-data=48 RW-data=112 ZI-data=1256  
FromELF: creating hex file...
"MINI_PROJECT.axf" - 0 Error(s), 0 Warning(s).
Build target 'MINIPROJECT'
compiling main.c...
compiling pin_connect_block.c...
assembling Startup.s...
compiling lcd.c...
compiling delay.c...
compiling keymatrix.c...
compiling led.c...
compiling rtc.c...
compiling eint.c...
linking...
Program Size: Code=9796 RO-data=48 RW-data=112 ZI-data=1256  
FromELF: creating hex file...
"MINI_PROJECT.axf" - 0 Error(s), 0 Warning(s).
Build target 'MINIPROJECT'
compiling main.c...
compiling pin_connect_block.c...
assembling Startup.s...
compiling lcd.c...
compiling delay.c...
compiling keymatrix.c...
compiling led.c...
compiling rtc.c...
compiling eint.c...
linking...
Program Size: Code=9804 RO-data=48 RW-data=112 ZI-data=1256  
FromELF: creating hex file...
"MINI_PROJECT.axf" - 0 Error(s), 0 Warning(s).
Build target 'MINIPROJECT'
compiling main.c...
compiling pin_connect_block.c...
assembling Startup.s...
compiling lcd.c...
compiling delay.c...
compiling keymatrix.c...
compiling led.c...
compiling rtc.c...
compiling eint.c...
linking...
Program Size: Code=9804 RO-data=48 RW-data=112 ZI-data=1256  
FromELF: creating hex file...
"MINI_PROJECT.axf" - 0 Error(s), 0 Warning(s).
