<html>
<body>
<pre>
<h1>µVision Build Log</h1>
<h2>Project:</h2>
C:\Users\VamCReddY\Documents\MINI_PROJECT_Refined\MINI_PROJECT_Refined.uvproj
Project File Date:  11/03/2025

<h2>Output:</h2>
Rebuild target 'MINIPROJECT_Refined'
compiling main.c...
compiling pin_connect_block.c...
assembling Startup.s...
compiling lcd.c...
compiling delay.c...
compiling keymatrix.c...
compiling led.c...
compiling rtc.c...
compiling eint.c...
linking...
Program Size: Code=5544 RO-data=48 RW-data=112 ZI-data=1256  
FromELF: creating hex file...
".\MINI_PROJECT_Refined.axf" - 0 Error(s), 0 Warning(s).
</pre>
</body>
</html>

.\MINI_PROJECT_Refined.axf: Error: L6218E: Undefined symbol edit_on_off_time (referred from lcd.o).
Not enough information to list image symbols.
Finished: 1 information, 0 warning and 3 error messages.
".\MINI_PROJECT_Refined.axf" - 3 Error(s), 0 Warning(s).
Target not created
