<html>
<body>
<pre>
<h1>µVision Build Log</h1>
<h2>Project:</h2>
C:\Users\VamCReddY\Documents\MINI_PROJECT_Refined\MINI_PROJECT_Refined.uvproj
Project File Date:  11/07/2025

<h2>Output:</h2>
Rebuild target 'MINIPROJECT_Refined'
compiling main.c...
compiling pin_connect_block.c...
assembling Startup.s...
compiling lcd.c...
compiling delay.c...
compiling keymatrix.c...
compiling led.c...
compiling rtc.c...
compiling eint.c...
linking...
Program Size: Code=11424 RO-data=76 RW-data=136 ZI-data=1256  
FromELF: creating hex file...
".\MINI_PROJECT_Refined.axf" - 0 Error(s), 0 Warning(s).
